// Jest Snapshot v1, https://goo.gl/fbAQLP

exports[`Render Avatar 1`] = `
<DocumentFragment>
  .c1 {
  display: none;
  position: absolute;
  width: 40px;
  height: 40px;
  -webkit-transform: scale(1.5);
  -ms-transform: scale(1.5);
  transform: scale(1.5);
  z-index: 99999;
}

.c2 {
  fill: transparent;
  -webkit-transform: rotate(-90deg);
  -ms-transform: rotate(-90deg);
  transform: rotate(-90deg);
  stroke-width: 4;
  stroke-linecap: round;
  stroke-dasharray: 125.60000000000001;
  -webkit-transform-origin: 20px 20px 0px;
  -ms-transform-origin: 20px 20px 0px;
  transform-origin: 20px 20px 0px;
  -webkit-animation: kRGcnj 1s linear infinite;
  animation: kRGcnj 1s linear infinite;
  z-index: 99;
}

.c0 {
  display: -webkit-box;
  display: -webkit-flex;
  display: -ms-flexbox;
  display: flex;
  -webkit-align-items: center;
  -webkit-box-align: center;
  -ms-flex-align: center;
  align-items: center;
  background-color: transparent;
  border: 0px solid transparent;
  border-radius: 5px;
  cursor: pointer;
  line-height: 1.4;
  text-transform: uppercase;
  padding: 0.5rem;
  -webkit-user-select: none;
  -moz-user-select: none;
  -ms-user-select: none;
  user-select: none;
}

.c3 {
  position: relative;
  display: -webkit-box;
  display: -webkit-flex;
  display: -ms-flexbox;
  display: flex;
  -webkit-box-pack: center;
  -webkit-justify-content: center;
  -ms-flex-pack: center;
  justify-content: center;
  -webkit-align-items: center;
  -webkit-box-align: center;
  -ms-flex-align: center;
  align-items: center;
  height: 40px;
  width: 40px;
  border-radius: 50%;
  background-color: rgb(135,206,250);
  -webkit-transition: 0.25s ease-in-out;
  transition: 0.25s ease-in-out;
}

.c3::after {
  position: absolute;
  content: "";
  height: 40px;
  width: 40px;
  border-radius: 50%;
  background-color: transparent;
  border: solid 5px rgb(46,204,113);
}

.c3::before {
  position: absolute;
  content: "";
  width: 100%;
  height: 100%;
  border-radius: 50%;
  opacity: .5;
}

.c4 {
  color: green;
  margin: 0;
  padding: 0;
  font-weight: bold;
}

.c5 {
  color: blue;
  margin: 0;
  padding: 0;
  font-weight: bold;
}

<button
    class="c0"
    color=""
    height=""
    width=""
  >
    <svg
      class="c1"
    >
      <circle
        class="c2"
        cx="20"
        cy="20"
        r="18"
      />
    </svg>
    <div
      class="c3"
    >
      <p
        class="c4"
        color="green"
      >
        T
      </p>
      <p
        class="c5"
        color="blue"
      >
        A
      </p>
    </div>
  </button>
</DocumentFragment>
`;
